sat
Error: invalid input
sat
unsat
Error: invalid input
unsat
unsat
unsat
unsat
sat
unsat
unsat
sat
sat
unsat
sat
sat
unsat
Error: invalid input
sat

